CMake Deprecation Warning at /Users/dangminhtam/esp/esp-idf/components/mbedtls/mbedtls/CMakeLists.txt:21 (cmake_minimum_required):
  Compatibility with CMake < 3.10 will be removed from a future version of
  CMake.

  Update the VERSION argument <min> value.  Or, use the <min>...<max> syntax
  to tell CMake that the project requires at least <min> but has been updated
  to work with policies introduced by <max> or earlier.


Traceback (most recent call last):
  File "/Users/dangminhtam/esp/esp-idf/components/partition_table/gen_esp32part.py", line 536, in parse_int
    return int(v, 0)
ValueError: invalid literal for int() with base 0: '0x180000   # 1.5MB'

During handling of the above exception, another exception occurred:

Traceback (most recent call last):
  File "/Users/dangminhtam/esp/esp-idf/components/partition_table/gen_esp32part.py", line 188, in from_csv
    res.append(PartitionDefinition.from_csv(line, line_no + 1))
               ~~~~~~~~~~~~~~~~~~~~~~~~~~~~^^^^^^^^^^^^^^^^^^^
  File "/Users/dangminhtam/esp/esp-idf/components/partition_table/gen_esp32part.py", line 377, in from_csv
    res.size = res.parse_address(fields[4])
               ~~~~~~~~~~~~~~~~~^^^^^^^^^^^
  File "/Users/dangminhtam/esp/esp-idf/components/partition_table/gen_esp32part.py", line 434, in parse_address
    return parse_int(strval)
  File "/Users/dangminhtam/esp/esp-idf/components/partition_table/gen_esp32part.py", line 539, in parse_int
    raise InputError('Invalid field value %s' % v)
gen_esp32part.InputError: Invalid field value 0x180000   # 1.5MB

During handling of the above exception, another exception occurred:

Traceback (most recent call last):
  File "/Users/dangminhtam/esp/esp-idf/components/partition_table/parttool.py", line 363, in <module>
    main()
    ~~~~^^
  File "/Users/dangminhtam/esp/esp-idf/components/partition_table/parttool.py", line 332, in main
    target = ParttoolTarget(**target_args)
  File "/Users/dangminhtam/esp/esp-idf/components/partition_table/parttool.py", line 97, in __init__
    partition_table = gen.PartitionTable.from_csv(f.read())
  File "/Users/dangminhtam/esp/esp-idf/components/partition_table/gen_esp32part.py", line 190, in from_csv
    raise InputError('Error at line %d: %s\nPlease check extra_partition_subtypes.inc file in build/config directory' % (line_no + 1, err))
gen_esp32part.InputError: Error at line 5: Invalid field value 0x180000   # 1.5MB
Please check extra_partition_subtypes.inc file in build/config directory
Traceback (most recent call last):
  File "/Users/dangminhtam/esp/esp-idf/components/partition_table/gen_esp32part.py", line 536, in parse_int
    return int(v, 0)
ValueError: invalid literal for int() with base 0: '0x180000   # 1.5MB'

During handling of the above exception, another exception occurred:

Traceback (most recent call last):
  File "/Users/dangminhtam/esp/esp-idf/components/partition_table/gen_esp32part.py", line 188, in from_csv
    res.append(PartitionDefinition.from_csv(line, line_no + 1))
               ~~~~~~~~~~~~~~~~~~~~~~~~~~~~^^^^^^^^^^^^^^^^^^^
  File "/Users/dangminhtam/esp/esp-idf/components/partition_table/gen_esp32part.py", line 377, in from_csv
    res.size = res.parse_address(fields[4])
               ~~~~~~~~~~~~~~~~~^^^^^^^^^^^
  File "/Users/dangminhtam/esp/esp-idf/components/partition_table/gen_esp32part.py", line 434, in parse_address
    return parse_int(strval)
  File "/Users/dangminhtam/esp/esp-idf/components/partition_table/gen_esp32part.py", line 539, in parse_int
    raise InputError('Invalid field value %s' % v)
gen_esp32part.InputError: Invalid field value 0x180000   # 1.5MB

During handling of the above exception, another exception occurred:

Traceback (most recent call last):
  File "/Users/dangminhtam/esp/esp-idf/components/partition_table/parttool.py", line 363, in <module>
    main()
    ~~~~^^
  File "/Users/dangminhtam/esp/esp-idf/components/partition_table/parttool.py", line 332, in main
    target = ParttoolTarget(**target_args)
  File "/Users/dangminhtam/esp/esp-idf/components/partition_table/parttool.py", line 97, in __init__
    partition_table = gen.PartitionTable.from_csv(f.read())
  File "/Users/dangminhtam/esp/esp-idf/components/partition_table/gen_esp32part.py", line 190, in from_csv
    raise InputError('Error at line %d: %s\nPlease check extra_partition_subtypes.inc file in build/config directory' % (line_no + 1, err))
gen_esp32part.InputError: Error at line 5: Invalid field value 0x180000   # 1.5MB
Please check extra_partition_subtypes.inc file in build/config directory
Traceback (most recent call last):
  File "/Users/dangminhtam/esp/esp-idf/components/partition_table/gen_esp32part.py", line 536, in parse_int
    return int(v, 0)
ValueError: invalid literal for int() with base 0: '0x180000   # 1.5MB'

During handling of the above exception, another exception occurred:

Traceback (most recent call last):
  File "/Users/dangminhtam/esp/esp-idf/components/partition_table/gen_esp32part.py", line 188, in from_csv
    res.append(PartitionDefinition.from_csv(line, line_no + 1))
               ~~~~~~~~~~~~~~~~~~~~~~~~~~~~^^^^^^^^^^^^^^^^^^^
  File "/Users/dangminhtam/esp/esp-idf/components/partition_table/gen_esp32part.py", line 377, in from_csv
    res.size = res.parse_address(fields[4])
               ~~~~~~~~~~~~~~~~~^^^^^^^^^^^
  File "/Users/dangminhtam/esp/esp-idf/components/partition_table/gen_esp32part.py", line 434, in parse_address
    return parse_int(strval)
  File "/Users/dangminhtam/esp/esp-idf/components/partition_table/gen_esp32part.py", line 539, in parse_int
    raise InputError('Invalid field value %s' % v)
gen_esp32part.InputError: Invalid field value 0x180000   # 1.5MB

During handling of the above exception, another exception occurred:

Traceback (most recent call last):
  File "/Users/dangminhtam/esp/esp-idf/components/partition_table/parttool.py", line 363, in <module>
    main()
    ~~~~^^
  File "/Users/dangminhtam/esp/esp-idf/components/partition_table/parttool.py", line 332, in main
    target = ParttoolTarget(**target_args)
  File "/Users/dangminhtam/esp/esp-idf/components/partition_table/parttool.py", line 97, in __init__
    partition_table = gen.PartitionTable.from_csv(f.read())
  File "/Users/dangminhtam/esp/esp-idf/components/partition_table/gen_esp32part.py", line 190, in from_csv
    raise InputError('Error at line %d: %s\nPlease check extra_partition_subtypes.inc file in build/config directory' % (line_no + 1, err))
gen_esp32part.InputError: Error at line 5: Invalid field value 0x180000   # 1.5MB
Please check extra_partition_subtypes.inc file in build/config directory
Traceback (most recent call last):
  File "/Users/dangminhtam/esp/esp-idf/components/partition_table/gen_esp32part.py", line 536, in parse_int
    return int(v, 0)
ValueError: invalid literal for int() with base 0: '0x180000   # 1.5MB'

During handling of the above exception, another exception occurred:

Traceback (most recent call last):
  File "/Users/dangminhtam/esp/esp-idf/components/partition_table/gen_esp32part.py", line 188, in from_csv
    res.append(PartitionDefinition.from_csv(line, line_no + 1))
               ~~~~~~~~~~~~~~~~~~~~~~~~~~~~^^^^^^^^^^^^^^^^^^^
  File "/Users/dangminhtam/esp/esp-idf/components/partition_table/gen_esp32part.py", line 377, in from_csv
    res.size = res.parse_address(fields[4])
               ~~~~~~~~~~~~~~~~~^^^^^^^^^^^
  File "/Users/dangminhtam/esp/esp-idf/components/partition_table/gen_esp32part.py", line 434, in parse_address
    return parse_int(strval)
  File "/Users/dangminhtam/esp/esp-idf/components/partition_table/gen_esp32part.py", line 539, in parse_int
    raise InputError('Invalid field value %s' % v)
gen_esp32part.InputError: Invalid field value 0x180000   # 1.5MB

During handling of the above exception, another exception occurred:

Traceback (most recent call last):
  File "/Users/dangminhtam/esp/esp-idf/components/partition_table/parttool.py", line 363, in <module>
    main()
    ~~~~^^
  File "/Users/dangminhtam/esp/esp-idf/components/partition_table/parttool.py", line 332, in main
    target = ParttoolTarget(**target_args)
  File "/Users/dangminhtam/esp/esp-idf/components/partition_table/parttool.py", line 97, in __init__
    partition_table = gen.PartitionTable.from_csv(f.read())
  File "/Users/dangminhtam/esp/esp-idf/components/partition_table/gen_esp32part.py", line 190, in from_csv
    raise InputError('Error at line %d: %s\nPlease check extra_partition_subtypes.inc file in build/config directory' % (line_no + 1, err))
gen_esp32part.InputError: Error at line 5: Invalid field value 0x180000   # 1.5MB
Please check extra_partition_subtypes.inc file in build/config directory
Traceback (most recent call last):
  File "/Users/dangminhtam/esp/esp-idf/components/partition_table/gen_esp32part.py", line 536, in parse_int
    return int(v, 0)
ValueError: invalid literal for int() with base 0: '0x180000   # 1.5MB'

During handling of the above exception, another exception occurred:

Traceback (most recent call last):
  File "/Users/dangminhtam/esp/esp-idf/components/partition_table/gen_esp32part.py", line 188, in from_csv
    res.append(PartitionDefinition.from_csv(line, line_no + 1))
               ~~~~~~~~~~~~~~~~~~~~~~~~~~~~^^^^^^^^^^^^^^^^^^^
  File "/Users/dangminhtam/esp/esp-idf/components/partition_table/gen_esp32part.py", line 377, in from_csv
    res.size = res.parse_address(fields[4])
               ~~~~~~~~~~~~~~~~~^^^^^^^^^^^
  File "/Users/dangminhtam/esp/esp-idf/components/partition_table/gen_esp32part.py", line 434, in parse_address
    return parse_int(strval)
  File "/Users/dangminhtam/esp/esp-idf/components/partition_table/gen_esp32part.py", line 539, in parse_int
    raise InputError('Invalid field value %s' % v)
gen_esp32part.InputError: Invalid field value 0x180000   # 1.5MB

During handling of the above exception, another exception occurred:

Traceback (most recent call last):
  File "/Users/dangminhtam/esp/esp-idf/components/partition_table/parttool.py", line 363, in <module>
    main()
    ~~~~^^
  File "/Users/dangminhtam/esp/esp-idf/components/partition_table/parttool.py", line 332, in main
    target = ParttoolTarget(**target_args)
  File "/Users/dangminhtam/esp/esp-idf/components/partition_table/parttool.py", line 97, in __init__
    partition_table = gen.PartitionTable.from_csv(f.read())
  File "/Users/dangminhtam/esp/esp-idf/components/partition_table/gen_esp32part.py", line 190, in from_csv
    raise InputError('Error at line %d: %s\nPlease check extra_partition_subtypes.inc file in build/config directory' % (line_no + 1, err))
gen_esp32part.InputError: Error at line 5: Invalid field value 0x180000   # 1.5MB
Please check extra_partition_subtypes.inc file in build/config directory
